D:\WEB DEVLOPER\4 - MERN\PR 04\utils\queryBuilder.js:1
jconst allowedSorts = new Map([
       ^^^^^^^^^^^^

SyntaxError: Unexpected identifier 'allowedSorts'
    at wrapSafe (node:internal/modules/cjs/loader:1787:18)
    at Module._compile (node:internal/modules/cjs/loader:1828:20)
    at Object..js (node:internal/modules/cjs/loader:1985:10)
    at Module.load (node:internal/modules/cjs/loader:1577:32)
    at Module._load (node:internal/modules/cjs/loader:1379:12)
    at wrapModuleLoad (node:internal/modules/cjs/loader:255:19)
    at Module.require (node:internal/modules/cjs/loader:1600:12)
    at require (node:internal/modules/helpers:153:16)
    at Object.<anonymous> (D:\WEB DEVLOPER\4 - MERN\PR 04\controllers\studentController.js:6:55)
    at Module._compile (node:internal/modules/cjs/loader:1854:14)

Node.js v24.16.0
(node:9764) [DEP0044] DeprecationWarning: The `util.isArray` API is deprecated. Please use `Array.isArray()` instead.
(Use `node --trace-deprecation ...` to show where the warning was created)
CastError: Cast to ObjectId failed for value "{ '$ne': null }" (type Object) at path "_id" for model "Student"
    at SchemaObjectId.cast (D:\WEB DEVLOPER\4 - MERN\PR 04\node_modules\mongoose\lib\schema\objectId.js:253:11)
    at SchemaType.applySetters (D:\WEB DEVLOPER\4 - MERN\PR 04\node_modules\mongoose\lib\schemaType.js:1288:12)
    at SchemaType.castForQuery (D:\WEB DEVLOPER\4 - MERN\PR 04\node_modules\mongoose\lib\schemaType.js:1718:17)
    at SchemaObjectId.handleSingle (D:\WEB DEVLOPER\4 - MERN\PR 04\node_modules\mongoose\lib\schemaType.js:1641:15)
    at SchemaType.castForQuery (D:\WEB DEVLOPER\4 - MERN\PR 04\node_modules\mongoose\lib\schemaType.js:1714:20)
    at cast (D:\WEB DEVLOPER\4 - MERN\PR 04\node_modules\mongoose\lib\cast.js:367:39)
    at Query.cast (D:\WEB DEVLOPER\4 - MERN\PR 04\node_modules\mongoose\lib\query.js:5060:12)
    at Query._castConditions (D:\WEB DEVLOPER\4 - MERN\PR 04\node_modules\mongoose\lib\query.js:2374:10)
    at model.Query._findOne (D:\WEB DEVLOPER\4 - MERN\PR 04\node_modules\mongoose\lib\query.js:2697:8)
    at model.Query.exec (D:\WEB DEVLOPER\4 - MERN\PR 04\node_modules\mongoose\lib\query.js:4627:80) {
  stringValue: `"{ '$ne': null }"`,
  messageFormat: undefined,
  kind: 'ObjectId',
  value: { '$ne': null },
  path: '_id',
  reason: BSONError: input must be a 24 character hex string, 12 byte Uint8Array, or an integer
      at new ObjectId (D:\WEB DEVLOPER\4 - MERN\PR 04\node_modules\bson\lib\bson.cjs:2538:23)
      at castObjectId (D:\WEB DEVLOPER\4 - MERN\PR 04\node_modules\mongoose\lib\cast\objectid.js:25:12)
      at SchemaObjectId.cast (D:\WEB DEVLOPER\4 - MERN\PR 04\node_modules\mongoose\lib\schema\objectId.js:251:12)
      at SchemaType.applySetters (D:\WEB DEVLOPER\4 - MERN\PR 04\node_modules\mongoose\lib\schemaType.js:1288:12)
      at SchemaType.castForQuery (D:\WEB DEVLOPER\4 - MERN\PR 04\node_modules\mongoose\lib\schemaType.js:1718:17)
      at SchemaObjectId.handleSingle (D:\WEB DEVLOPER\4 - MERN\PR 04\node_modules\mongoose\lib\schemaType.js:1641:15)
      at SchemaType.castForQuery (D:\WEB DEVLOPER\4 - MERN\PR 04\node_modules\mongoose\lib\schemaType.js:1714:20)
      at cast (D:\WEB DEVLOPER\4 - MERN\PR 04\node_modules\mongoose\lib\cast.js:367:39)
      at Query.cast (D:\WEB DEVLOPER\4 - MERN\PR 04\node_modules\mongoose\lib\query.js:5060:12)
      at Query._castConditions (D:\WEB DEVLOPER\4 - MERN\PR 04\node_modules\mongoose\lib\query.js:2374:10),
  valueType: 'Object'
}
